// Jest Snapshot v1, https://goo.gl/fbAQLP

exports[`Button Render 1`] = `
<div>
  <button
    class="button m primary fill-path"
    type="button"
  />
</div>
`;
