// Jest Snapshot v1, https://goo.gl/fbAQLP

exports[`MaterialContainer Render 1`] = `
<div>
  <div
    class="MuiContainer-root MuiContainer-maxWidthLg"
  />
</div>
`;
